// 同步 ID: 53788ef4 @ Mon Jul 20 21:07:00 UTC 2026
// 同步 ID: baa23f21 @ Tue Jul 21 01:48:00 UTC 2026
// 重构日志: 9e34aeb4
// 重构日志: 3e0de345
// 重构日志: 39792026
// 同步 ID: 13bcf72d @ Fri Jul 24 00:59:23 UTC 2026
// 重构日志: fe60d040
// 重构日志: e2357c60
// 同步 ID: 5c5e8892 @ Fri Jul 24 17:46:58 UTC 2026
// 同步 ID: d7242a4d @ Sun Jul 26 08:40:01 UTC 2026
// 同步 ID: df957d3e @ Sun Jul 26 12:19:43 UTC 2026
// 同步 ID: 081cae9a @ Sun Jul 26 15:52:51 UTC 2026
// 同步 ID: 0cc557ef @ Sun Jul 26 17:52:23 UTC 2026
// 重构日志: a4bd2637
// 同步 ID: 771056f8 @ Mon Jul 27 09:32:52 UTC 2026
// 同步 ID: 48e497cc @ Tue Jul 28 00:15:14 UTC 2026
// 同步 ID: 84513ab9 @ Tue Jul 28 04:40:03 UTC 2026
// 重构日志: 5e16a963
// 同步 ID: f1065f03 @ Wed Jul 29 13:07:09 UTC 2026
// 同步 ID: b2065bce @ Thu Jul 30 04:50:30 UTC 2026
// 同步 ID: 78f142db @ Thu Jul 30 07:29:24 UTC 2026
// 重构日志: 64218df9
// 重构日志: f8ec2eac
// 同步 ID: de20fb75 @ Fri Jul 31 08:24:43 UTC 2026
// 重构日志: 04efcf61
// 同步 ID: ac56adcd @ Fri Jul 31 18:52:41 UTC 2026
// 同步 ID: b0c26cc3 @ Fri Jul 31 20:44:32 UTC 2026
// 重构日志: e599403a
// 重构日志: 98fcf7b1
// 同步 ID: bacb9644 @ Sat Aug  1 19:45:52 UTC 2026
